PS C:\dev\eci\services\core> cd C:\dev\eci\services\core
PS C:\dev\eci\services\core> npx prisma db push --skip-generate
Environment variables loaded from .env
Prisma schema loaded from prisma\schema.prisma

Error: A datasource block is missing in the Prisma schema file.
PS C:\dev\eci\services\core> npx prisma generate
Environment variables loaded from .env
Prisma schema loaded from prisma\schema.prisma
Error:
You don't have any datasource defined in your schema.prisma.
You can define a datasource like this:

datasource db {
  provider = "postgresql"
  url      = env("DB_URL")
}

More information in our documentation:
https://pris.ly/d/prisma-schema

PS C:\dev\eci\services\core> import { registerSprint7ActionRoutes } from "./eci/server.sprint7";
import : The term 'import' is not recognized as the name of a cmdlet, function, script file, or op
erable program. Check the spelling of the name, or if a path was included, verify that the path is
 correct and try again.
At line:1 char:1
+ import { registerSprint7ActionRoutes } from "./eci/server.sprint7";
+ ~~~~~~
    + CategoryInfo          : ObjectNotFound: (import:String) [], CommandNotFoundException
    + FullyQualifiedErrorId : CommandNotFoundException

PS C:\dev\eci\services\core> registerSprint7ActionRoutes(app);
app : The term 'app' is not recognized as the name of a cmdlet, function, script file, or operable
 program. Check the spelling of the name, or if a path was included, verify that the path is corre
ct and try again.
At line:1 char:29
+ registerSprint7ActionRoutes(app);
+                             ~~~
    + CategoryInfo          : ObjectNotFound: (app:String) [], CommandNotFoundException
    + FullyQualifiedErrorId : CommandNotFoundException

PS C:\dev\eci\services\core>